src/components/Agenda.tsx(200,26): error TS2304: Cannot find name 'form'.
src/components/Agenda.tsx(204,40): error TS2304: Cannot find name 'form'.
src/components/Agenda.tsx(205,20): error TS2304: Cannot find name 'form'.
src/components/Agenda.tsx(209,9): error TS2304: Cannot find name 'form'.
src/components/Agenda.tsx(212,5): error TS2304: Cannot find name 'setForm'.
src/components/Agenda.tsx(213,40): error TS2304: Cannot find name 'form'.
src/components/Agenda.tsx(300,5): error TS2304: Cannot find name 'setForm'.
src/components/Agenda.tsx(311,5): error TS2304: Cannot find name 'setForm'.
src/components/Agenda.tsx(336,10): error TS2304: Cannot find name 'form'.
src/components/Agenda.tsx(336,30): error TS2304: Cannot find name 'form'.
src/components/Agenda.tsx(340,10): error TS2304: Cannot find name 'form'.
src/components/Agenda.tsx(344,9): error TS2304: Cannot find name 'form'.
src/components/Agenda.tsx(344,44): error TS2304: Cannot find name 'form'.
src/components/Agenda.tsx(348,9): error TS2304: Cannot find name 'form'.
src/components/Agenda.tsx(348,43): error TS2304: Cannot find name 'form'.
src/components/Agenda.tsx(348,63): error TS2304: Cannot find name 'form'.
src/components/Agenda.tsx(352,9): error TS2304: Cannot find name 'form'.
src/components/Agenda.tsx(352,37): error TS2304: Cannot find name 'form'.
src/components/Agenda.tsx(357,38): error TS2304: Cannot find name 'form'.
src/components/Agenda.tsx(364,25): error TS2304: Cannot find name 'form'.
src/components/Agenda.tsx(365,26): error TS2304: Cannot find name 'form'.
src/components/Agenda.tsx(367,9): error TS2304: Cannot find name 'form'.
src/components/Agenda.tsx(367,43): error TS2304: Cannot find name 'form'.
src/components/Agenda.tsx(368,20): error TS2304: Cannot find name 'form'.
src/components/Agenda.tsx(370,21): error TS2304: Cannot find name 'form'.
src/components/Agenda.tsx(371,21): error TS2304: Cannot find name 'form'.
src/components/Agenda.tsx(373,9): error TS2304: Cannot find name 'form'.
src/components/Agenda.tsx(373,42): error TS2304: Cannot find name 'form'.
src/components/Agenda.tsx(375,14): error TS2304: Cannot find name 'form'.
src/components/Agenda.tsx(376,15): error TS2304: Cannot find name 'form'.
src/components/Agenda.tsx(377,20): error TS2304: Cannot find name 'form'.
src/components/Agenda.tsx(378,19): error TS2304: Cannot find name 'form'.
src/components/Agenda.tsx(380,22): error TS2304: Cannot find name 'form'.
src/components/Agenda.tsx(381,23): error TS2304: Cannot find name 'form'.
src/components/Agenda.tsx(403,7): error TS2304: Cannot find name 'setForm'.
src/components/Agenda.tsx(897,26): error TS2304: Cannot find name 'form'.
src/components/Agenda.tsx(898,36): error TS2304: Cannot find name 'setForm'.
src/components/Agenda.tsx(898,49): error TS2304: Cannot find name 'form'.
src/components/Agenda.tsx(911,26): error TS2304: Cannot find name 'form'.
src/components/Agenda.tsx(912,36): error TS2304: Cannot find name 'setForm'.
src/components/Agenda.tsx(912,49): error TS2304: Cannot find name 'form'.
src/components/Agenda.tsx(924,26): error TS2304: Cannot find name 'form'.
src/components/Agenda.tsx(926,21): error TS2304: Cannot find name 'setForm'.
src/components/Agenda.tsx(927,26): error TS2304: Cannot find name 'form'.
src/components/Agenda.tsx(939,16): error TS2304: Cannot find name 'form'.
src/components/Agenda.tsx(942,26): error TS2304: Cannot find name 'form'.
src/components/Agenda.tsx(943,36): error TS2304: Cannot find name 'setForm'.
src/components/Agenda.tsx(943,49): error TS2304: Cannot find name 'form'.
src/components/Agenda.tsx(948,53): error TS2304: Cannot find name 'form'.
src/components/Agenda.tsx(961,26): error TS2304: Cannot find name 'form'.
src/components/Agenda.tsx(962,36): error TS2304: Cannot find name 'setForm'.
src/components/Agenda.tsx(962,49): error TS2304: Cannot find name 'form'.
src/components/Agenda.tsx(970,26): error TS2304: Cannot find name 'form'.
src/components/Agenda.tsx(972,21): error TS2304: Cannot find name 'setForm'.
src/components/Agenda.tsx(973,26): error TS2304: Cannot find name 'form'.
src/components/Agenda.tsx(975,73): error TS2304: Cannot find name 'form'.
src/components/Agenda.tsx(985,26): error TS2304: Cannot find name 'form'.
src/components/Agenda.tsx(987,21): error TS2304: Cannot find name 'setForm'.
src/components/Agenda.tsx(988,26): error TS2304: Cannot find name 'form'.
src/components/Agenda.tsx(1003,16): error TS2304: Cannot find name 'form'.
src/components/Agenda.tsx(1006,26): error TS2304: Cannot find name 'form'.
src/components/Agenda.tsx(1007,36): error TS2304: Cannot find name 'setForm'.
src/components/Agenda.tsx(1007,49): error TS2304: Cannot find name 'form'.
src/components/Agenda.tsx(1015,26): error TS2304: Cannot find name 'form'.
src/components/Agenda.tsx(1017,21): error TS2304: Cannot find name 'setForm'.
src/components/Agenda.tsx(1018,26): error TS2304: Cannot find name 'form'.
src/components/Agenda.tsx(1036,30): error TS2304: Cannot find name 'form'.
src/components/Agenda.tsx(1038,23): error TS2304: Cannot find name 'setForm'.
src/components/Agenda.tsx(1039,28): error TS2304: Cannot find name 'form'.
src/components/Agenda.tsx(1041,48): error TS2304: Cannot find name 'form'.
src/components/Agenda.tsx(1047,18): error TS2304: Cannot find name 'form'.
src/components/Agenda.tsx(1050,30): error TS2304: Cannot find name 'form'.
src/components/Agenda.tsx(1052,25): error TS2304: Cannot find name 'setForm'.
src/components/Agenda.tsx(1053,30): error TS2304: Cannot find name 'form'.
src/components/Agenda.tsx(1067,33): error TS2304: Cannot find name 'form'.
src/components/Agenda.tsx(1069,30): error TS2304: Cannot find name 'form'.
src/components/Agenda.tsx(1070,40): error TS2304: Cannot find name 'setForm'.
src/components/Agenda.tsx(1070,53): error TS2304: Cannot find name 'form'.
src/components/Agenda.tsx(1079,24): error TS2304: Cannot find name 'form'.
src/components/Agenda.tsx(1080,34): error TS2304: Cannot find name 'setForm'.
src/components/Agenda.tsx(1080,47): error TS2304: Cannot find name 'form'.
